⚠ Installing TypeScript as it was not found while loading "next.config.ts".
node:events:486
      throw er; // Unhandled 'error' event
      ^

Error: spawn pnpm ENOENT
    at ChildProcess._handle.onexit (node:internal/child_process:286:19)
    at onErrorNT (node:internal/child_process:484:16)
    at process.processTicksAndRejections (node:internal/process/task_queues:90:21)
Emitted 'error' event on ChildProcess instance at:
    at ChildProcess._handle.onexit (node:internal/child_process:292:12)
    at onErrorNT (node:internal/child_process:484:16)
    at process.processTicksAndRejections (node:internal/process/task_queues:90:21) {
  errno: -2,
  code: 'ENOENT',
  syscall: 'spawn pnpm',
  path: 'pnpm',
  spawnargs: [ 'add', '--save-exact', '--save-dev', 'typescript' ]
}

Node.js v24.6.0
⚠ Installing TypeScript as it was not found while loading "next.config.ts".
node:events:486
      throw er; // Unhandled 'error' event
      ^

Error: spawn pnpm ENOENT
    at ChildProcess._handle.onexit (node:internal/child_process:286:19)
    at onErrorNT (node:internal/child_process:484:16)
    at process.processTicksAndRejections (node:internal/process/task_queues:90:21)
Emitted 'error' event on ChildProcess instance at:
    at ChildProcess._handle.onexit (node:internal/child_process:292:12)
    at onErrorNT (node:internal/child_process:484:16)
    at process.processTicksAndRejections (node:internal/process/task_queues:90:21) {
  errno: -2,
  code: 'ENOENT',
  syscall: 'spawn pnpm',
  path: 'pnpm',
  spawnargs: [ 'add', '--save-exact', '--save-dev', 'typescript' ]
}

Node.js v24.6.0
⚠ Installing TypeScript as it was not found while loading "next.config.ts".
node:events:486
      throw er; // Unhandled 'error' event
      ^

Error: spawn pnpm ENOENT
    at ChildProcess._handle.onexit (node:internal/child_process:286:19)
    at onErrorNT (node:internal/child_process:484:16)
    at process.processTicksAndRejections (node:internal/process/task_queues:90:21)
Emitted 'error' event on ChildProcess instance at:
    at ChildProcess._handle.onexit (node:internal/child_process:292:12)
    at onErrorNT (node:internal/child_process:484:16)
    at process.processTicksAndRejections (node:internal/process/task_queues:90:21) {
  errno: -2,
  code: 'ENOENT',
  syscall: 'spawn pnpm',
  path: 'pnpm',
  spawnargs: [ 'add', '--save-exact', '--save-dev', 'typescript' ]
}

Node.js v24.6.0
⚠ Installing TypeScript as it was not found while loading "next.config.ts".
node:events:486
      throw er; // Unhandled 'error' event
      ^

Error: spawn pnpm ENOENT
    at ChildProcess._handle.onexit (node:internal/child_process:286:19)
    at onErrorNT (node:internal/child_process:484:16)
    at process.processTicksAndRejections (node:internal/process/task_queues:90:21)
Emitted 'error' event on ChildProcess instance at:
    at ChildProcess._handle.onexit (node:internal/child_process:292:12)
    at onErrorNT (node:internal/child_process:484:16)
    at process.processTicksAndRejections (node:internal/process/task_queues:90:21) {
  errno: -2,
  code: 'ENOENT',
  syscall: 'spawn pnpm',
  path: 'pnpm',
  spawnargs: [ 'add', '--save-exact', '--save-dev', 'typescript' ]
}

Node.js v24.6.0
⚠ Installing TypeScript as it was not found while loading "next.config.ts".
node:events:486
      throw er; // Unhandled 'error' event
      ^

Error: spawn pnpm ENOENT
    at ChildProcess._handle.onexit (node:internal/child_process:286:19)
    at onErrorNT (node:internal/child_process:484:16)
    at process.processTicksAndRejections (node:internal/process/task_queues:90:21)
Emitted 'error' event on ChildProcess instance at:
    at ChildProcess._handle.onexit (node:internal/child_process:292:12)
    at onErrorNT (node:internal/child_process:484:16)
    at process.processTicksAndRejections (node:internal/process/task_queues:90:21) {
  errno: -2,
  code: 'ENOENT',
  syscall: 'spawn pnpm',
  path: 'pnpm',
  spawnargs: [ 'add', '--save-exact', '--save-dev', 'typescript' ]
}

Node.js v24.6.0
⚠ Installing TypeScript as it was not found while loading "next.config.ts".
node:events:486
      throw er; // Unhandled 'error' event
      ^

Error: spawn pnpm ENOENT
    at ChildProcess._handle.onexit (node:internal/child_process:286:19)
    at onErrorNT (node:internal/child_process:484:16)
    at process.processTicksAndRejections (node:internal/process/task_queues:90:21)
Emitted 'error' event on ChildProcess instance at:
    at ChildProcess._handle.onexit (node:internal/child_process:292:12)
    at onErrorNT (node:internal/child_process:484:16)
    at process.processTicksAndRejections (node:internal/process/task_queues:90:21) {
  errno: -2,
  code: 'ENOENT',
  syscall: 'spawn pnpm',
  path: 'pnpm',
  spawnargs: [ 'add', '--save-exact', '--save-dev', 'typescript' ]
}

Node.js v24.6.0
⚠ Installing TypeScript as it was not found while loading "next.config.ts".
node:events:486
      throw er; // Unhandled 'error' event
      ^

Error: spawn pnpm ENOENT
    at ChildProcess._handle.onexit (node:internal/child_process:286:19)
    at onErrorNT (node:internal/child_process:484:16)
    at process.processTicksAndRejections (node:internal/process/task_queues:90:21)
Emitted 'error' event on ChildProcess instance at:
    at ChildProcess._handle.onexit (node:internal/child_process:292:12)
    at onErrorNT (node:internal/child_process:484:16)
    at process.processTicksAndRejections (node:internal/process/task_queues:90:21) {
  errno: -2,
  code: 'ENOENT',
  syscall: 'spawn pnpm',
  path: 'pnpm',
  spawnargs: [ 'add', '--save-exact', '--save-dev', 'typescript' ]
}

Node.js v24.6.0
⚠ Installing TypeScript as it was not found while loading "next.config.ts".
node:events:486
      throw er; // Unhandled 'error' event
      ^

Error: spawn pnpm ENOENT
    at ChildProcess._handle.onexit (node:internal/child_process:286:19)
    at onErrorNT (node:internal/child_process:484:16)
    at process.processTicksAndRejections (node:internal/process/task_queues:90:21)
Emitted 'error' event on ChildProcess instance at:
    at ChildProcess._handle.onexit (node:internal/child_process:292:12)
    at onErrorNT (node:internal/child_process:484:16)
    at process.processTicksAndRejections (node:internal/process/task_queues:90:21) {
  errno: -2,
  code: 'ENOENT',
  syscall: 'spawn pnpm',
  path: 'pnpm',
  spawnargs: [ 'add', '--save-exact', '--save-dev', 'typescript' ]
}

Node.js v24.6.0
⚠ Installing TypeScript as it was not found while loading "next.config.ts".
node:events:486
      throw er; // Unhandled 'error' event
      ^

Error: spawn pnpm ENOENT
    at ChildProcess._handle.onexit (node:internal/child_process:286:19)
    at onErrorNT (node:internal/child_process:484:16)
    at process.processTicksAndRejections (node:internal/process/task_queues:90:21)
Emitted 'error' event on ChildProcess instance at:
    at ChildProcess._handle.onexit (node:internal/child_process:292:12)
    at onErrorNT (node:internal/child_process:484:16)
    at process.processTicksAndRejections (node:internal/process/task_queues:90:21) {
  errno: -2,
  code: 'ENOENT',
  syscall: 'spawn pnpm',
  path: 'pnpm',
  spawnargs: [ 'add', '--save-exact', '--save-dev', 'typescript' ]
}

Node.js v24.6.0
